// Jest Snapshot v1, https://goo.gl/fbAQLP

exports[`Text snapshot 1`] = `
<div>
  <h4>
    tag
  </h4>
</div>
`;
